Hermes                              1.3.3   x
SDL                             1.2.15-hg
SDL_image                          1.2.12
SDL_mixer                          1.2.13
SDL_net                             1.2.8
SDL_ttf                            2.0.11
arc                                 5.21p
arj                               3.10.22
asap                                5.0.1
autoconf                             2.69
autoconf-archive               2017.09.28
automake                             1.16
bash                                  4.4
binutils                             2.40   x
bison                               3.6.4
bzip2                               1.0.8   x
c-ares                              1.7.5
ca-certificates                git10b2785
cflib                                  21   x
cmake                              3.10.2   x
coreutils                            8.32
cpio                                 2.13   x
ctris                                0.42
curl                               7.56.0   x
db                                 4.8.30   x
dhcp                                3.0.3
diffutils                             3.6
dosfstools                        4.1+git
elfutils                            0.170
expat                               2.2.4   x
fdk-aac                             2.0.2
fdlibm                           20230210   x
file                                 5.32
findutils                           4.7.0
flac                                1.3.2
flex                                2.6.4
freetype2                           2.8.1   x
gawk                                4.1.4
gcc                                 4.6.4   x
gcc                                 7.5.0   x
gcc                                 8.5.0
gcc                                 9.5.0
gcc                                10.4.0
gcc                                11.3.0
gcc                                12.2.0   x
gdbm                                 1.12   x
gemlib                             0.44.0   x
gemma                                 git   x
gettext                        0.19.8.1-1   x
giflib                              5.1.4
git                                2.21.0
gmp                                 6.2.1   x
gnucobol                          3.0-rc1
grep                                  3.1
groff                              1.22.4   x
gzip                                  1.9
isl                                  0.20   x
jpeg                                   8d   x
ldg                          svn-20171014
lha                    1.14i-ac20050924p1
libarchive                          3.3.2   x
libassuan                           2.5.1   x
libbeecrypt6                        4.1.2   x
libde265                            1.0.9   x
libexif                            0.6.22   x
libffi                          3.2.1.git   x
libgcrypt                          1.10.1   x
libgpg-error                         1.46   x
libheif                            1.14.2   x
libiconv                             1.17   x
libidn2                             2.0.4   x
libksba                             1.6.3   x
libmad                            0.15.1b   x
libmetalink                         0.1.3   x
libmikmod                           3.3.7   x
libogg                              1.3.3   x
libpng                             1.6.39   x
libpsl                             0.21.2   x
libsndfile                          1.1.0   x
libsolv                            0.6.33   x
libssh2                             1.8.0   x
libtheora                           1.1.1   x
libunistring                        0.9.7   x
libuv                              1.18.0   x
libvorbis                           1.3.6   x
libwebp                             1.2.3   x
libxml                              1.8.9   x
libxml2                            2.10.3   x
libxmp                              4.4.1   x
libyuv                               1837   x
lua53                               5.3.4   x
m4                                 1.4.18   x
make                                4.2.1   x
mintbin                               0.3   x
mintlib                            0.60.1   x
mksh                                  R57   x
mp4v2                               2.1.1   x
mpc                                 1.1.0   x
mpfr                                4.0.2   x
mpg123                            1.25.10   x
ncurses                               6.0   x
netpbm                            10.91.1   x
nghttp2                            1.26.0   x
openh264                            2.3.0   x
openssl                            1.1.1p   x
opkg                                0.6.1   x
p7zip                               16.02   x
patch                               2.7.5   x
perl                               5.26.1
ping                             20190714
popt                                 1.16   x
povray                              3.6.1
pth                                 2.0.7   x
python2                            2.7.14
python3                             3.6.4
readline                              7.0   x
rhash                               1.3.8   x
rpm                                4.15.1   x
smpeg                               0.4.5
tar                                  1.34   x
tiff                                4.5.0   x
tree                                1.8.0
unzip                                 6.0
vorbis-tools                        1.4.0
windom                              2.0.1
windom1                            1.21.3
wolfssl                             5.5.1
xz                                  5.2.4   x
zip                                   3.0
zita-resampler                      1.8.0
zlib                               1.2.13   x
zoo                                2-10-1
zstd                                1.5.4   x
